


ARM Macro Assembler    Page 1 ders9


    1 00000000                 TTL              ders9
    2 00000000                 AREA             PROGRAM, CODE
    3 00000000                 ENTRY
    4 00000000         
    5 00000000         ;byte [] b=new b[20];
    6 00000000         ;// b array i için memory adresi 0x10000000
    7 00000000         ;for (int i=0; i<b.length;i++){
    8 00000000         ;b[i]=(byte)(i+1);
    9 00000000         ;}
   10 00000000         
   11 00000000 E3A01001        LDR              R1,=0X00000001 ; base adress of
                                                             byte array
   12 00000004         ;MOV r2,#1    ;count
   13 00000004         ;loop 
   14 00000004         ;CMP r2,#21
   15 00000004         ;BGE cik     ;greater or equal
   16 00000004         ;STRB r2,[r1],#1  ;birer birer artar ç. byte
   17 00000004         ;ADD r2,r2,#1
   18 00000004         ;B loop
   19 00000004         ;cik 
   20 00000004 E3A02001        MOV              r2,#1
   21 00000008 E3A03002        MOV              r3,#2
   22 0000000C E3A04000        MOV              r4,#0
   23 00000010         loop
   24 00000010 E352000A        CMP              r2,#10
   25 00000014 AA000003        BGE              exit
   26 00000018         ;STRH r3,[R1],#2
   27 00000018         ;MUL r3,r2,r2
   28 00000018 E4D14001        LDRB             r4,[R1],#1
   29 0000001C E0844004        ADD              r4,r4
   30 00000020 E2822001        ADD              r2,r2,#1
   31 00000024 EAFFFFF9        B                loop
   32 00000028         exit
   33 00000028                 END
Command Line: --debug --xref --diag_suppress=9931 --apcs=interwork --depend=.\o
bjects\anad2.d -o.\objects\anad2.o -IC:\Keil_v5\ARM\RV31\INC -IC:\Keil_v5\ARM\C
MSIS\Include --predefine="__EVAL SETA 1" --predefine="__UVISION_VERSION SETA 52
4" --list=.\listings\anad2.lst anad2.s



ARM Macro Assembler    Page 1 Alphabetic symbol ordering
Relocatable symbols

PROGRAM 00000000

Symbol: PROGRAM
   Definitions
      At line 2 in file anad2.s
   Uses
      None
Comment: PROGRAM unused
exit 00000028

Symbol: exit
   Definitions
      At line 32 in file anad2.s
   Uses
      At line 25 in file anad2.s
Comment: exit used once
loop 00000010

Symbol: loop
   Definitions
      At line 23 in file anad2.s
   Uses
      At line 31 in file anad2.s
Comment: loop used once
3 symbols
335 symbols in table
