


ARM Macro Assembler    Page 1 ders9


    1 00000000                 TTL              ders9
    2 00000000                 AREA             PROGRAM, CODE
    3 00000000                 ENTRY
    4 00000000         
    5 00000000         ;byte [] b=new b[20];
    6 00000000         ;// b array i için memory adresi 0x10000000
    7 00000000         ;for (int i=0; i<b.length;i++){
    8 00000000         ;b[i]=(byte)(i+1);
    9 00000000         ;}
   10 00000000         
   11 00000000 E3A01201        LDR              R1,=0x10000000 ; base adress of
                                                             byte array
   12 00000004 E3A02001        MOV              r2,#1       ;count
   13 00000008         loop
   14 00000008 E3520015        CMP              r2,#21
   15 0000000C AA000002        BGE              cik         ;greater or equal
   16 00000010 E4C12001        STRB             r2,[r1],#1  ;birer birer artar 
                                                            ç. byte
   17 00000014 E2822001        ADD              r2,r2,#1
   18 00000018 EAFFFFFA        B                loop
   19 0000001C         cik
   20 0000001C         
   21 0000001C E3A01201        LDR              r1,=0x10000000
   22 00000020 E1F130B2        LDRH             r3,[r1,#2]!
   23 00000024 E4914004        LDR              r4,[r1],#4
   24 00000028 E1F150D2        LDRSB            r5,[r1,#2]!
   25 0000002C E1F160F6        LDRSH            r6,[r1,#6]!
   26 00000030         
   27 00000030         
   28 00000030         
   29 00000030                 END
Command Line: --debug --xref --diag_suppress=9931 --cpu=ARM9E --apcs=interwork 
--depend=.\objects\anadosya.d -o.\objects\anadosya.o -IC:\Keil_v5\ARM\RV31\INC 
-IC:\Keil_v5\ARM\CMSIS\Include --predefine="__EVAL SETA 1" --predefine="__UVISI
ON_VERSION SETA 524" --list=.\listings\anadosya.lst anadosya.s



ARM Macro Assembler    Page 1 Alphabetic symbol ordering
Relocatable symbols

PROGRAM 00000000

Symbol: PROGRAM
   Definitions
      At line 2 in file anadosya.s
   Uses
      None
Comment: PROGRAM unused
cik 0000001C

Symbol: cik
   Definitions
      At line 19 in file anadosya.s
   Uses
      At line 15 in file anadosya.s
Comment: cik used once
loop 00000008

Symbol: loop
   Definitions
      At line 13 in file anadosya.s
   Uses
      At line 18 in file anadosya.s
Comment: loop used once
3 symbols
335 symbols in table
